page   0: 20 rows, oldest 2026-07-24T08:34:37Z, total 20
page   1: 20 rows, oldest 2026-07-23T08:08:21Z, total 40
page   2: 20 rows, oldest 2026-07-22T10:55:37Z, total 60
page   3: 20 rows, oldest 2026-07-21T04:21:17Z, total 80
page   4: 20 rows, oldest 2026-07-20T03:24:43Z, total 100
page   5: 20 rows, oldest 2026-07-19T05:14:05Z, total 120
page   6: 20 rows, oldest 2026-07-18T12:22:46Z, total 140
page   7: 20 rows, oldest 2026-07-17T07:04:46Z, total 160
page   8: 20 rows, oldest 2026-07-16T06:40:20Z, total 180
page   9: 20 rows, oldest 2026-07-15T13:30:55Z, total 200
page  10: 20 rows, oldest 2026-07-14T07:30:10Z, total 220
page  11: 20 rows, oldest 2026-07-13T05:36:58Z, total 240
page  12: 20 rows, oldest 2026-07-11T03:30:35Z, total 260
page  13: 20 rows, oldest 2026-07-09T18:58:45Z, total 280
page  14: 20 rows, oldest 2026-07-08T16:01:50Z, total 300
page  15: 20 rows, oldest 2026-07-07T08:10:20Z, total 320
page  16: 20 rows, oldest 2026-07-06T07:36:56Z, total 340
page  17: 20 rows, oldest 2026-07-03T09:34:54Z, total 360
page  18: 20 rows, oldest 2026-07-01T19:13:41Z, total 380
page  19: 20 rows, oldest 2026-06-30T21:09:20Z, total 400
page  20: 20 rows, oldest 2026-06-29T11:33:45Z, total 420
page  21: 20 rows, oldest 2026-06-28T13:51:31Z, total 439
page  22: 20 rows, oldest 2026-06-27T10:41:35Z, total 459
page  23: 20 rows, oldest 2026-06-27T06:00:28Z, total 479
page  24: 20 rows, oldest 2026-06-27T04:19:00Z, total 499
page  25: 20 rows, oldest 2026-06-27T02:39:52Z, total 519
page  26: 20 rows, oldest 2026-06-27T01:00:18Z, total 539
page  27: 20 rows, oldest 2026-06-26T09:36:24Z, total 559
page  28: 20 rows, oldest 2026-06-25T15:39:50Z, total 579
page  29: 20 rows, oldest 2026-06-24T17:45:02Z, total 599
page  30: 20 rows, oldest 2026-06-23T22:31:42Z, total 619
page  31: 20 rows, oldest 2026-06-22T22:41:49Z, total 639
page  32: 20 rows, oldest 2026-06-20T12:40:15Z, total 659
page  33: 20 rows, oldest 2026-06-18T20:33:23Z, total 679
page  34: 20 rows, oldest 2026-06-17T23:36:51Z, total 699
page  35: 20 rows, oldest 2026-06-16T21:36:11Z, total 719
page  36: 20 rows, oldest 2026-06-15T20:18:27Z, total 739
page  37: 20 rows, oldest 2026-06-13T20:03:56Z, total 759
page  38: 20 rows, oldest 2026-06-12T15:27:49Z, total 779
page  39: 20 rows, oldest 2026-06-11T21:50:59Z, total 799
page  40: 20 rows, oldest 2026-06-11T00:34:14Z, total 819
page  41: 20 rows, oldest 2026-06-10T02:59:34Z, total 839
page  42: 20 rows, oldest 2026-06-09T00:31:42Z, total 859
page  43: 20 rows, oldest 2026-06-08T04:25:04Z, total 879
page  44: 20 rows, oldest 2026-06-06T02:36:31Z, total 899
page  45: 20 rows, oldest 2026-06-05T01:16:07Z, total 919
page  46: 20 rows, oldest 2026-06-04T05:21:36Z, total 939
page  47: 20 rows, oldest 2026-06-03T04:54:34Z, total 959
page  48: 20 rows, oldest 2026-06-02T08:55:03Z, total 979
page  49: 20 rows, oldest 2026-06-01T11:01:30Z, total 999
page  50: 20 rows, oldest 2026-05-30T17:57:43Z, total 1019
page  51: 20 rows, oldest 2026-05-29T21:20:42Z, total 1039
page  52: 20 rows, oldest 2026-05-28T22:38:51Z, total 1059
page  53: 20 rows, oldest 2026-05-27T23:38:26Z, total 1079
page  54: 20 rows, oldest 2026-05-26T20:24:35Z, total 1099
page  55: 20 rows, oldest 2026-05-23T23:29:18Z, total 1119
page  56: 20 rows, oldest 2026-05-23T01:23:34Z, total 1139
page  57: 20 rows, oldest 2026-05-21T23:32:54Z, total 1159
page  58: 20 rows, oldest 2026-05-20T20:08:04Z, total 1179
page  59: 20 rows, oldest 2026-05-19T12:02:53Z, total 1199
page  60: 20 rows, oldest 2026-05-18T16:50:24Z, total 1219
page  61: 20 rows, oldest 2026-05-17T13:33:53Z, total 1239
page  62: 20 rows, oldest 2026-05-15T18:54:04Z, total 1259
page  63: 20 rows, oldest 2026-05-14T20:09:46Z, total 1279
page  64: 20 rows, oldest 2026-05-13T18:19:42Z, total 1299
page  65: 20 rows, oldest 2026-05-12T09:19:26Z, total 1319
page  66: 20 rows, oldest 2026-05-11T05:50:04Z, total 1339
page  67: 20 rows, oldest 2026-05-08T17:08:04Z, total 1359
page  68: 20 rows, oldest 2026-05-07T12:10:52Z, total 1379
page  69: 20 rows, oldest 2026-05-06T09:51:23Z, total 1399
page  70: 20 rows, oldest 2026-05-05T09:18:18Z, total 1419
page  71: 20 rows, oldest 2026-05-04T07:54:08Z, total 1439
page  72: 20 rows, oldest 2026-05-01T14:42:17Z, total 1459
page  73: 20 rows, oldest 2026-04-30T11:55:47Z, total 1479
page  74: 20 rows, oldest 2026-04-29T08:04:05Z, total 1499
page  75: 20 rows, oldest 2026-04-27T17:03:12Z, total 1519
page  76: 20 rows, oldest 2026-04-26T08:34:35Z, total 1539
page  77: 20 rows, oldest 2026-04-24T18:41:26Z, total 1559
page  78: 20 rows, oldest 2026-04-23T18:46:25Z, total 1579
page  79: 20 rows, oldest 2026-04-22T13:45:14Z, total 1599
page  80: 20 rows, oldest 2026-04-21T09:44:01Z, total 1618
page  81: 20 rows, oldest 2026-04-20T05:48:55Z, total 1638
page  82: 20 rows, oldest 2026-04-18T17:33:10Z, total 1658
page  83: 20 rows, oldest 2026-04-18T03:32:07Z, total 1678
page  84: 20 rows, oldest 2026-04-17T09:07:44Z, total 1698
page  85: 20 rows, oldest 2026-04-16T16:39:46Z, total 1718

wrote 1716 stagings -> /home/odoo/projects/goo/sim/data/stagings.json
Counter({'merged': 927, 'failed': 712, 'killed': 77})
unique PRs: 7695
